// Jest Snapshot v1, https://goo.gl/fbAQLP

exports[`<TabContent> should render tab content correctly 1`] = `
<div
  className="TabContent"
  role="tabpanel"
>
  <h1>
    Tab content
  </h1>
  Some content
</div>
`;
