// Jest Snapshot v1, https://goo.gl/fbAQLP

exports[`ListItem component should render ListItem correctly 1`] = `
<ListItem
  disabled={false}
  isSelected={false}
  onClick={null}
>
  <li
    className="ListItem"
  >
    <div
      className="ListItem__container"
      onClick={null}
      role="presentation"
    >
      <Text
        context="default"
        inline={false}
        key=".0"
        size="normal"
      >
        <p
          className="Text"
        >
          An item
        </p>
      </Text>
    </div>
  </li>
</ListItem>
`;
