// Jest Snapshot v1, https://goo.gl/fbAQLP

exports[`InputWrapper should add clear button if showClearButton is true 1`] = `
<InputWrapper
  clearLabel="Clear"
  isFocused={false}
  onClear={null}
  showClearButton={true}
>
  <div
    className="InputWrapper"
  >
    some children
    <Button
      className="InputWrapper__clearButton"
      context="link"
      disabled={false}
      href={null}
      isBlock={false}
      isInline={true}
      onClick={[Function]}
      size="normal"
      type="button"
    >
      <button
        className="Button Button--context_link Button--isInline InputWrapper__clearButton"
        disabled={false}
        onClick={[Function]}
        type="button"
      >
        Clear
        <span>
          Ã—
        </span>
      </button>
    </Button>
  </div>
</InputWrapper>
`;

exports[`InputWrapper should render correctly 1`] = `
<InputWrapper
  clearLabel=""
  isFocused={false}
  onClear={null}
  showClearButton={false}
>
  <div
    className="InputWrapper"
  >
    some children
  </div>
</InputWrapper>
`;
