// Jest Snapshot v1, https://goo.gl/fbAQLP

exports[`<Tabs> that renders tab container with some tabs should render simple tabs (without onChange callback prop) 1`] = `
<Tabs
  activeTabId="1"
  gutters={false}
  onChange={null}
>
  <TabMenu
    activeTabId="1"
    gutters={false}
    onChange={[Function]}
  >
    <div
      className="TabMenu"
      role="tablist"
    >
      <TabItem
        id="1"
        isActive={true}
        key=".$.0"
        label="First"
        onClick={[Function]}
      >
        <a
          aria-selected={true}
          className="TabItem TabItem--isActive"
          href="#"
          id="1"
          onClick={[Function]}
          role="tab"
          tabIndex={0}
        >
          First
        </a>
      </TabItem>
      <TabItem
        id="2"
        isActive={false}
        key=".$.1"
        label="Second"
        onClick={[Function]}
      >
        <a
          aria-selected={false}
          className="TabItem"
          href="#"
          id="2"
          onClick={[Function]}
          role="tab"
          tabIndex={0}
        >
          Second
        </a>
      </TabItem>
    </div>
  </TabMenu>
  <TabContent
    aria-labelledby="1"
    key=".0"
  >
    <div
      aria-labelledby="1"
      className="TabContent"
      role="tabpanel"
    >
      Some content
    </div>
  </TabContent>
</Tabs>
`;
