// Jest Snapshot v1, https://goo.gl/fbAQLP

exports[`WeightedResultBarLoader should render correctly in loading state 1`] = `
<div>
  <WeightedResultBarLoader>
    <div
      className="WeightedResultBar"
    >
      <ContentPlaceholder
        duration={1}
        height={18}
        width={72}
        withoutMargin={false}
      >
        <div
          className="ContentPlaceholder"
          style={
            Object {
              "animationDuration": "1s",
              "height": 18,
            }
          }
        >
           
          <div
            className="ContentPlaceholder__mask"
            style={
              Object {
                "width": "28%",
              }
            }
          />
        </div>
      </ContentPlaceholder>
      <ProgressBar
        animated={false}
        context="neutral"
        hidden={false}
        percentage={100}
        small={true}
      >
        <div
          aria-hidden={false}
          aria-valuemax="100"
          aria-valuemin="0"
          aria-valuenow={100}
          className="ProgressBar ProgressBar--small"
          role="progressbar"
        >
          <div
            className="ProgressBar__fill ProgressBar__fill--context_neutral ProgressBar__fill--small"
            style={
              Object {
                "width": "100%",
              }
            }
          />
        </div>
      </ProgressBar>
    </div>
  </WeightedResultBarLoader>
  <WeightedResultBarLoader>
    <div
      className="WeightedResultBar"
    >
      <ContentPlaceholder
        duration={1}
        height={18}
        width={64}
        withoutMargin={false}
      >
        <div
          className="ContentPlaceholder"
          style={
            Object {
              "animationDuration": "1s",
              "height": 18,
            }
          }
        >
           
          <div
            className="ContentPlaceholder__mask"
            style={
              Object {
                "width": "36%",
              }
            }
          />
        </div>
      </ContentPlaceholder>
      <ProgressBar
        animated={false}
        context="neutral"
        hidden={false}
        percentage={100}
        small={true}
      >
        <div
          aria-hidden={false}
          aria-valuemax="100"
          aria-valuemin="0"
          aria-valuenow={100}
          className="ProgressBar ProgressBar--small"
          role="progressbar"
        >
          <div
            className="ProgressBar__fill ProgressBar__fill--context_neutral ProgressBar__fill--small"
            style={
              Object {
                "width": "100%",
              }
            }
          />
        </div>
      </ProgressBar>
    </div>
  </WeightedResultBarLoader>
</div>
`;
