// Jest Snapshot v1, https://goo.gl/fbAQLP

exports[`<CandidateAvatar> that renders a candidate profile image with match indication should render a default avatar 1`] = `
<div
  className="CandidateAvatar"
  style={
    Object {
      "height": 72,
      "width": 72,
    }
  }
>
  <div
    className="CandidateAvatar__image"
    style={
      Object {
        "backgroundImage": "url(null)",
      }
    }
  />
  <svg
    className="CandidateAvatar__ring"
    style={
      Object {
        "height": 72,
        "width": 72,
      }
    }
  />
</div>
`;

exports[`<CandidateAvatar> that renders a candidate profile image with match indication should render an avatar with average match percentage 1`] = `
<div
  className="CandidateAvatar"
  style={
    Object {
      "height": 128,
      "width": 128,
    }
  }
>
  <div
    className="CandidateAvatar__image"
    style={
      Object {
        "backgroundImage": "url(null)",
      }
    }
  />
  <svg
    className="CandidateAvatar__ring"
    style={
      Object {
        "height": 128,
        "width": 128,
      }
    }
  >
    <circle
      className="CandidateAvatar__circle CandidateAvatar__circle--context CandidateAvatar__circle--context_warning"
      cx={64}
      cy={64}
      r={62}
      strokeWidth={4}
      style={
        Object {
          "strokeDasharray": "132.44954627534568 999",
        }
      }
    />
  </svg>
</div>
`;

exports[`<CandidateAvatar> that renders a candidate profile image with match indication should render an avatar with bad match percentage 1`] = `
<div
  className="CandidateAvatar"
  style={
    Object {
      "height": 128,
      "width": 128,
    }
  }
>
  <div
    className="CandidateAvatar__image"
    style={
      Object {
        "backgroundImage": "url(null)",
      }
    }
  />
  <svg
    className="CandidateAvatar__ring"
    style={
      Object {
        "height": 128,
        "width": 128,
      }
    }
  >
    <circle
      className="CandidateAvatar__circle CandidateAvatar__circle--context CandidateAvatar__circle--context_bad"
      cx={64}
      cy={64}
      r={62}
      strokeWidth={4}
      style={
        Object {
          "strokeDasharray": "128.5539713848943 999",
        }
      }
    />
  </svg>
</div>
`;
