// Jest Snapshot v1, https://goo.gl/fbAQLP

exports[`<LocationAutocomplete/> that loads google api and renders a LocationAutocomplete should render with default props 1`] = `
<LocationAutocomplete
  additionalGoogleProps={Object {}}
  apiKey="someKey"
  inputPlaceholder="Location..."
  noSuggestionsPlaceholder="No suggestions..."
  onSelectionChange={[Function]}
>
  <LoadScriptNext
    googleMapsApiKey="someKey"
    libraries={
      Array [
        "places",
      ]
    }
    loadingElement={
      <LoadingSpinner
        centerIn="parent"
        context="brand"
        hidden={false}
        size={null}
      />
    }
  >
    <LoadingSpinner
      centerIn="parent"
      context="brand"
      hidden={false}
      size={null}
    >
      <div
        aria-busy={true}
        aria-hidden={false}
        className="LoadingSpinner LoadingSpinner--centerIn_parent"
        role="status"
      >
        <svg
          className="LoadingSpinner__svg"
          style={null}
          viewBox={
            Array [
              0,
              0,
              44,
              44,
            ]
          }
        >
          <circle
            className="LoadingSpinner__path LoadingSpinner__path--context_brand"
            cx="22"
            cy="22"
            fill="none"
            r="20"
            strokeWidth="4"
          />
        </svg>
      </div>
    </LoadingSpinner>
  </LoadScriptNext>
</LocationAutocomplete>
`;
