// Jest Snapshot v1, https://goo.gl/fbAQLP

exports[`AutosuggestMulti rendering should initially render empty component correctly 1`] = `
<AutosuggestMulti
  inputPlaceholder="type here..."
  numberOfVisibleTags={3}
  onBlur={[MockFunction]}
  onInputValueChange={[MockFunction]}
  onSelectionChange={[MockFunction]}
  onSelectionRemove={[MockFunction]}
  selectedSuggestions={Array []}
  suggestionToString={[Function]}
  suggestions={Array []}
>
  <SelectBase
    blurredRenderer={[Function]}
    clearInputAfterSelection={true}
    clearTitle=""
    focusedRenderer={[Function]}
    inputRef={
      Object {
        "current": <input
          aria-autocomplete="list"
          aria-labelledby="downshift-0-label"
          autocomplete="off"
          class="AutosuggestMulti__input"
          data-lpignore="true"
          placeholder="type here..."
          value=""
        />,
      }
    }
    keepExpandedAfterSelection={true}
    listRenderer={[Function]}
    onBlur={[MockFunction]}
    onInputValueChange={[Function]}
    onSelectionChange={[MockFunction]}
    selectOnBlur={false}
    showClearButton={false}
    suggestionToString={[Function]}
    suggestions={Array []}
  >
    <div
      className="SelectBase"
    >
      <Downshift
        defaultHighlightedIndex={0}
        defaultIsOpen={false}
        environment={[Window]}
        getA11yStatusMessage={[Function]}
        inputValue=""
        itemToString={[Function]}
        onChange={[Function]}
        onInputValueChange={[Function]}
        onOuterClick={[Function]}
        onSelect={[Function]}
        onStateChange={[Function]}
        onUserAction={[Function]}
        scrollIntoView={[Function]}
        selectedItemChanged={[Function]}
        stateReducer={[Function]}
        suppressRefError={false}
      >
        <div
          aria-expanded={false}
          aria-haspopup="listbox"
          aria-labelledby="downshift-0-label"
          aria-owns={null}
          className="SelectBase__main"
          role="combobox"
        >
          <FieldWrapper
            className="SelectBase__field"
            clearLabel=""
            isFocused={false}
            onClear={[Function]}
            onClick={[Function]}
            showClearButton={false}
          >
            <div
              className="FieldWrapper SelectBase__field"
              onClick={[Function]}
            >
              <div
                className="FieldWrapper__content"
              >
                <div
                  className="AutosuggestMulti__wrapper"
                >
                  <input
                    aria-activedescendant={null}
                    aria-autocomplete="list"
                    aria-controls={null}
                    aria-labelledby="downshift-0-label"
                    autoComplete="off"
                    className="AutosuggestMulti__input"
                    data-lpignore={true}
                    onBlur={[Function]}
                    onChange={[Function]}
                    onFocus={[Function]}
                    onKeyDown={[Function]}
                    placeholder="type here..."
                    value=""
                  />
                </div>
                <List
                  aria-labelledby="downshift-0-label"
                  doSelectOnNavigate={false}
                  id="downshift-0-menu"
                  isControlledNavigation={true}
                  isDivided={false}
                  role="listbox"
                >
                  <ul
                    aria-labelledby="downshift-0-label"
                    className="List"
                    id="downshift-0-menu"
                    role="listbox"
                  />
                </List>
              </div>
            </div>
          </FieldWrapper>
        </div>
      </Downshift>
    </div>
  </SelectBase>
</AutosuggestMulti>
`;
