// Jest Snapshot v1, https://goo.gl/fbAQLP

exports[`PageWidthRestrictor should render correctly 1`] = `
<div
  className="PageWidthRestrictor"
>
  Some children
</div>
`;
