// Jest Snapshot v1, https://goo.gl/fbAQLP

exports[`BlockWidthRestrictor should render correctly 1`] = `
<div
  className="BlockWidthRestrictor"
>
  Some children
</div>
`;
