// Jest Snapshot v1, https://goo.gl/fbAQLP

exports[`Footer component that renders a copyright text on the left and optional children on the right side should render correctly with TK copyright 1`] = `
<Footer
  copyright={null}
>
  <div
    className="Footer"
  >
    <div
      className="Footer__wrapper"
    >
      <span>
        Â© 2019 
        <IconTextkernel
          className="Footer__logo"
          context={null}
          margin={null}
          size={null}
          title={null}
        >
          <IconBase
            className="Footer__logo"
            context={null}
            keepWidth={false}
            margin={null}
            size={null}
            title={null}
            viewBox="0 0 369.7 800"
          >
            <div
              className="IconBase Footer__logo"
              margin={null}
            >
              <svg
                aria-labelledby={null}
                className="IconBase__svg"
                role="img"
                style={null}
                viewBox="0 0 369.7 800"
                xmlns="http://www.w3.org/2000/svg"
              >
                <path
                  d="M334.3,800C203.4,766.9,89.9,681.8,89.9,543.8V248.3H0v-104H89.9V0H223.1V144.2H349.2v104H223.1V554c0,76.5,56.7,109.6,146.6,130.8Z"
                />
              </svg>
            </div>
          </IconBase>
        </IconTextkernel>
         Textkernel
      </span>
      <div
        className="Footer__menu"
      >
        This is a placeholder for children
      </div>
    </div>
  </div>
</Footer>
`;

exports[`Footer component that renders a copyright text on the left and optional children on the right side should render correctly with custom copyright 1`] = `
<Footer
  copyright="my special copyright"
>
  <div
    className="Footer"
  >
    <div
      className="Footer__wrapper"
    >
      my special copyright
      <div
        className="Footer__menu"
      >
        This is a placeholder for children
      </div>
    </div>
  </div>
</Footer>
`;
